
2021-07-11 02:23:07.179860 	 --- Unexpected error ---- <class 'AttributeError'>
2021-07-11 02:23:07.179860 	 --- Unexpected error ---- 'NoneType' object has no attribute 'text'
2021-07-11 02:23:07.179860 	 --- Unexpected error ---- current page result 3
2021-07-11 02:23:07.179860 	 --- Unexpected error ---- current product number 31
2021-07-11 02:23:07.179860 	 --- Unexpected error ---- URL tag where error happened <li class="s-item s-item--large s-item--bgcolored"><div class="s-item__wrapper clearfix"><div class="s-item__image-section"><div class="s-item__image"><a _sp="p2489527.m4335.l8656" aria-hidden="true" data-track='{"eventFamily":"LST","eventAction":"ACTN","actionKind":"NAVSRC","operationId":"2489527","flushImmediately":false,"eventProperty":{"parentrq":"92f1801b17a0a644a277cadfffd1ff10","pageci":"0ffa6bbd-b364-4b75-b7c3-ac3d75186c19","moduledtl":"mi:4335|iid:1|li:8656|luid:31|scen:Listings"}}' href="https://www.ebay.com/itm/274593600058?hash=item3fef0dd23a:g:cvwAAOSwjQRfwpPe" tabindex="-1"><div class="s-item__image-wrapper"><div class="s-item__image-helper"><img alt="Cavo per caricabatterie iPhone" class="s-item__image-img" data-src="https://i.ebayimg.com/thumbs/images/g/cvwAAOSwjQRfwpPe/s-l300.jpg" src="https://ir.ebaystatic.com/cr/v/c1/s_1x2.gif"/></div></div></a></div></div><div class="s-item__info clearfix"><a _sp="p2489527.m4335.l8656" class="s-item__link" data-track='{"eventFamily":"LST","eventAction":"ACTN","actionKind":"NAVSRC","operationId":"2489527","flushImmediately":false,"eventProperty":{"parentrq":"92f1801b17a0a644a277cadfffd1ff10","pageci":"0ffa6bbd-b364-4b75-b7c3-ac3d75186c19","moduledtl":"mi:4335|iid:1|li:8656|luid:31|scen:Listings"}}' href="https://www.ebay.com/itm/274593600058?hash=item3fef0dd23a:g:cvwAAOSwjQRfwpPe"><h3 class="s-item__title">Cable for iPhone chargers</h3></a><div class="s-item__details clearfix"><div class="s-item__detail s-item__detail--primary"><span class="s-item__price">$5.92</span></div><div class="s-item__detail s-item__detail--primary"><span class="s-item__shipping s-item__logisticsCost">$11.85 shipping</span></div><div class="s-item__detail s-item__detail--primary"><span class="s-item__purchase-options s-item__purchaseOptions">or Best Offer</span></div><div class="s-item__detail s-item__detail--watchheart-dummyrow"></div></div></div></div><!--M#s0-27_1-9-0-1[0]-0-1-items[]_30-16--><span class="s-item__watchheart"><a _sp="p2489527.m4114.l8480" aria-label="Tap to watch item - Cavo per caricabatterie iPhone" href="https://www.ebay.com/myb/WatchListAdd?item=274593600058&amp;pt=null&amp;srt=0100060000005069294d947a520d44baf2bfddaa1b2efb4c292b666c305398d8b246b5393084a07f278add46cef6ad1e9356b7f058f6f3e44e80be971ec9972dd53159bb05d4fb8bb0090caee66f1d6a1ef93b3f61dcdd&amp;ru=https%3A%2F%2Fwww.ebay.com%2Fb%2FApple-Cell-Phones-Smartphones%2F9355%2Fbn_319682%3F_pgn%3D3"><span class="s-item__watchheart-text s-item__watchheart-text--watch"><svg aria-hidden="true" class="svg-icon" focusable="false"><use class="rest" xlink:href="#svg-icon--save-circle"></use><use class="hover" xlink:href="#svg-icon--save-circle-hover"></use><use class="active" xlink:href="#svg-icon--save-circle-active"></use></svg></span></a><!--M^s0-27_1-9-0-1[0]-0-1-items[]_30-16-16-5 s0-27_1-9-0-1[0]-0-1-items[]_30-16 5--><span class="x-tooltip" id="s0-27_1-9-0-1[0]-0-1-items[]_30-16-16-5"><span class="tooltip tooltip--click"><span aria-describedby="tooltip-s0-27_1-9-0-1[0]-0-1-items[]_30-16-16-5" aria-labelledby="tooltip-s0-27_1-9-0-1[0]-0-1-items[]_30-16-16-5" class="tooltip__trigger" tabindex="-1"><!--F#3--><button aria-hidden="true" class="s-item__toomanywatches__triggerbtn" tabindex="-1"></button><!--F/--></span><span class="tooltip__overlay flyout-notice flyout-notice--information" id="tooltip-s0-27_1-9-0-1[0]-0-1-items[]_30-16-16-5" role="tooltip"><button aria-label="" class="svg-icon tooltip__close-button" data-marko='{"onclick":"dismissFlyout s0-27_1-9-0-1[0]-0-1-items[]_30-16-16-5 false"}'><svg aria-hidden="true" height="12" width="12"><use xlink:href="#svg-icon-close"></use></svg></button><!--F#8--><!--F/--><span class="flyout-notice__pointer-top-left"></span></span></span></span><!--M/--></span><!--M/--></li>
2021-07-11 02:23:07.179860 	 --- Unexpected error ---- URL where error happened https://www.ebay.com/itm/274593600058?hash=item3fef0dd23a:g:cvwAAOSwjQRfwpPe